@!@!@STARTMSG 2262:0 @!@!@
TLC2 Version 2026.05.26.235334 (rev: 4ba7d88)
@!@!@ENDMSG 2262 @!@!@
@!@!@STARTMSG 2187:0 @!@!@
Running breadth-first search Model-Checking with fp 123 and seed -6738336998653978769 with 1 worker on 12 cores with 7250MB heap and 64MB offheap memory [pid: 12096] (Windows 11 10.0 amd64, Eclipse Adoptium 17.0.17 64bit, MSBDiskFPSet, DiskStateQueue).
@!@!@ENDMSG 2187 @!@!@
@!@!@STARTMSG 2220:0 @!@!@
Starting SANY...
@!@!@ENDMSG 2220 @!@!@
Parsing file C:\Users\Ryu.J\Documents\Icarus-Tether\policy-engine\formal\TaintSafety.tla (file:/c:/Users/Ryu.J/Documents/Icarus-Tether/policy-engine/formal/TaintSafety.tla)
Parsing file C:\Users\Ryu.J\AppData\Local\Temp\tlc-15281965510993725321\Naturals.tla (jar:file:/C:/Users/Ryu.J/.vscode/extensions/tlaplus.vscode-ide-2026.6.242335/tools/tla2tools.jar!/tla2sany/StandardModules/Naturals.tla)
Parsing file C:\Users\Ryu.J\AppData\Local\Temp\tlc-15281965510993725321\_TLCTrace.tla (jar:file:/C:/Users/Ryu.J/.vscode/extensions/tlaplus.vscode-ide-2026.6.242335/tools/tla2tools.jar!/tla2sany/StandardModules/_TLCTrace.tla)
Parsing file C:\Users\Ryu.J\AppData\Local\Temp\tlc-15281965510993725321\TLC.tla (jar:file:/C:/Users/Ryu.J/.vscode/extensions/tlaplus.vscode-ide-2026.6.242335/tools/tla2tools.jar!/tla2sany/StandardModules/TLC.tla)
Parsing file C:\Users\Ryu.J\AppData\Local\Temp\tlc-15281965510993725321\TLCExt.tla (jar:file:/C:/Users/Ryu.J/.vscode/extensions/tlaplus.vscode-ide-2026.6.242335/tools/tla2tools.jar!/tla2sany/StandardModules/TLCExt.tla)
Parsing file C:\Users\Ryu.J\AppData\Local\Temp\tlc-15281965510993725321\Sequences.tla (jar:file:/C:/Users/Ryu.J/.vscode/extensions/tlaplus.vscode-ide-2026.6.242335/tools/tla2tools.jar!/tla2sany/StandardModules/Sequences.tla)
Parsing file C:\Users\Ryu.J\AppData\Local\Temp\tlc-15281965510993725321\FiniteSets.tla (jar:file:/C:/Users/Ryu.J/.vscode/extensions/tlaplus.vscode-ide-2026.6.242335/tools/tla2tools.jar!/tla2sany/StandardModules/FiniteSets.tla)
Parsing file C:\Users\Ryu.J\AppData\Local\Temp\tlc-15281965510993725321\Integers.tla (jar:file:/C:/Users/Ryu.J/.vscode/extensions/tlaplus.vscode-ide-2026.6.242335/tools/tla2tools.jar!/tla2sany/StandardModules/Integers.tla)
Semantic processing of module Naturals
Semantic processing of module Sequences
Semantic processing of module FiniteSets
Semantic processing of module TLC
Semantic processing of module Integers
Semantic processing of module TLCExt
Semantic processing of module _TLCTrace
Semantic processing of module TaintSafety
Linting of module TLCExt
Linting of module _TLCTrace
Linting of module TaintSafety
@!@!@STARTMSG 2219:0 @!@!@
SANY finished.
@!@!@ENDMSG 2219 @!@!@
@!@!@STARTMSG 2185:0 @!@!@
Starting... (2026-07-11 23:07:57)
@!@!@ENDMSG 2185 @!@!@
@!@!@STARTMSG 2189:0 @!@!@
Computing initial states...
@!@!@ENDMSG 2189 @!@!@
@!@!@STARTMSG 2190:0 @!@!@
Finished computing initial states: 1 distinct state generated at 2026-07-11 23:07:57.
@!@!@ENDMSG 2190 @!@!@
@!@!@STARTMSG 2193:0 @!@!@
Model checking completed. No error has been found.
  Estimates of the probability that TLC did not check all reachable states
  because two distinct states had the same fingerprint:
  calculated (optimistic):  val = 1.4E-18
@!@!@ENDMSG 2193 @!@!@
@!@!@STARTMSG 2201:0 @!@!@
The coverage statistics at 2026-07-11 23:07:57 (see https://explain.tlapl.us/module-coverage-statistics for how to interpret the following statistics).
@!@!@ENDMSG 2201 @!@!@
@!@!@STARTMSG 2779:0 @!@!@
<tainted line 4, col 11 to line 4, col 17 of module TaintSafety>: 2
@!@!@ENDMSG 2779 @!@!@
@!@!@STARTMSG 2779:0 @!@!@
<reachedSink line 4, col 31 to line 4, col 41 of module TaintSafety>: 2
@!@!@ENDMSG 2779 @!@!@
@!@!@STARTMSG 2779:0 @!@!@
<sanitized line 4, col 20 to line 4, col 28 of module TaintSafety>: 2
@!@!@ENDMSG 2779 @!@!@
@!@!@STARTMSG 2773:0 @!@!@
<Init line 6, col 1 to line 6, col 4 of module TaintSafety>: 1:1
@!@!@ENDMSG 2773 @!@!@
@!@!@STARTMSG 2221:0 @!@!@
  line 7, col 5 to line 9, col 26 of module TaintSafety: 1
@!@!@ENDMSG 2221 @!@!@
@!@!@STARTMSG 2772:0 @!@!@
<Taint line 11, col 1 to line 11, col 5 of module TaintSafety>: 1:3
@!@!@ENDMSG 2772 @!@!@
@!@!@STARTMSG 2221:0 @!@!@
  line 12, col 8 to line 12, col 26 of module TaintSafety: 8
@!@!@ENDMSG 2221 @!@!@
@!@!@STARTMSG 2221:0 @!@!@
  |line 12, col 8 to line 12, col 18 of module TaintSafety: 5
@!@!@ENDMSG 2221 @!@!@
@!@!@STARTMSG 2221:0 @!@!@
  |line 12, col 22 to line 12, col 26 of module TaintSafety: 5
@!@!@ENDMSG 2221 @!@!@
@!@!@STARTMSG 2221:0 @!@!@
  line 13, col 8 to line 13, col 22 of module TaintSafety: 3
@!@!@ENDMSG 2221 @!@!@
@!@!@STARTMSG 2221:0 @!@!@
  line 14, col 8 to line 14, col 43 of module TaintSafety: 3
@!@!@ENDMSG 2221 @!@!@
@!@!@STARTMSG 2772:0 @!@!@
<Sanitize line 16, col 1 to line 16, col 8 of module TaintSafety>: 1:2
@!@!@ENDMSG 2772 @!@!@
@!@!@STARTMSG 2221:0 @!@!@
  line 17, col 8 to line 17, col 21 of module TaintSafety: 7
@!@!@ENDMSG 2221 @!@!@
@!@!@STARTMSG 2221:0 @!@!@
  |line 17, col 8 to line 17, col 14 of module TaintSafety: 5
@!@!@ENDMSG 2221 @!@!@
@!@!@STARTMSG 2221:0 @!@!@
  |line 17, col 18 to line 17, col 21 of module TaintSafety: 5
@!@!@ENDMSG 2221 @!@!@
@!@!@STARTMSG 2221:0 @!@!@
  line 18, col 8 to line 18, col 26 of module TaintSafety: 5
@!@!@ENDMSG 2221 @!@!@
@!@!@STARTMSG 2221:0 @!@!@
  |line 18, col 8 to line 18, col 18 of module TaintSafety: 3
@!@!@ENDMSG 2221 @!@!@
@!@!@STARTMSG 2221:0 @!@!@
  |line 18, col 22 to line 18, col 26 of module TaintSafety: 3
@!@!@ENDMSG 2221 @!@!@
@!@!@STARTMSG 2221:0 @!@!@
  line 19, col 8 to line 19, col 24 of module TaintSafety: 2
@!@!@ENDMSG 2221 @!@!@
@!@!@STARTMSG 2221:0 @!@!@
  line 20, col 8 to line 20, col 41 of module TaintSafety: 2
@!@!@ENDMSG 2221 @!@!@
@!@!@STARTMSG 2772:0 @!@!@
<GoToSink line 22, col 1 to line 22, col 8 of module TaintSafety>: 2:4
@!@!@ENDMSG 2772 @!@!@
@!@!@STARTMSG 2221:0 @!@!@
  line 23, col 9 to line 23, col 23 of module TaintSafety: 7
@!@!@ENDMSG 2221 @!@!@
@!@!@STARTMSG 2221:0 @!@!@
  |line 23, col 9 to line 23, col 15 of module TaintSafety: 5
@!@!@ENDMSG 2221 @!@!@
@!@!@STARTMSG 2221:0 @!@!@
  |line 23, col 19 to line 23, col 23 of module TaintSafety: 5
@!@!@ENDMSG 2221 @!@!@
@!@!@STARTMSG 2221:0 @!@!@
  line 23, col 28 to line 23, col 43 of module TaintSafety: 7
@!@!@ENDMSG 2221 @!@!@
@!@!@STARTMSG 2221:0 @!@!@
  |line 23, col 28 to line 23, col 36 of module TaintSafety: 5
@!@!@ENDMSG 2221 @!@!@
@!@!@STARTMSG 2221:0 @!@!@
  |line 23, col 40 to line 23, col 43 of module TaintSafety: 5
@!@!@ENDMSG 2221 @!@!@
@!@!@STARTMSG 2221:0 @!@!@
  line 24, col 8 to line 24, col 26 of module TaintSafety: 4
@!@!@ENDMSG 2221 @!@!@
@!@!@STARTMSG 2221:0 @!@!@
  line 25, col 8 to line 25, col 39 of module TaintSafety: 4
@!@!@ENDMSG 2221 @!@!@
@!@!@STARTMSG 2202:0 @!@!@
End of statistics.
@!@!@ENDMSG 2202 @!@!@
@!@!@STARTMSG 2200:0 @!@!@
Progress(4) at 2026-07-11 23:07:57: 10 states generated (599 s/min), 5 distinct states found (299 ds/min), 0 states left on queue.
@!@!@ENDMSG 2200 @!@!@
@!@!@STARTMSG 2199:0 @!@!@
10 states generated, 5 distinct states found, 0 states left on queue.
@!@!@ENDMSG 2199 @!@!@
@!@!@STARTMSG 2194:0 @!@!@
The depth of the complete state graph search is 4.
@!@!@ENDMSG 2194 @!@!@
@!@!@STARTMSG 2268:0 @!@!@
The average outdegree of the complete state graph is 1 (minimum is 0, the maximum 2 and the 95th percentile is 2).
@!@!@ENDMSG 2268 @!@!@
@!@!@STARTMSG 2186:0 @!@!@
Finished in 1004ms at (2026-07-11 23:07:57)
@!@!@ENDMSG 2186 @!@!@
